lockandload                     = $8000 ; addr, local, , Z_main, MAIN, Z_main.asm:21
START                           = $C000 ; addr, local, , Z_main, PTZX_Player, Z_PTZX.asm:68
UNCOMP_SONG                     = $801F ; addr, local, , Z_main, MAIN, Z_main.asm:49
BUFFER_UNCOMP                   = $C8E7 ; addr, local, , Z_main, PTZX_Player, Z_main.asm:60
_LP                             = $800F ; addr, local, , Z_main, MAIN, Z_main.asm:33
song1                           = $E8E7 ; addr, local, , Z_main, PTZX_Player, Z_main.asm:66
dzx0_standard                   = $C8A3 ; addr, local, , Z_main, PTZX_Player, Z_PTZX.asm:1366
TonA                            = $0000 ; const, local, , Z_main, PTZX_Player, Z_PTZX.asm:48
TonB                            = $0002 ; const, local, , Z_main, PTZX_Player, Z_PTZX.asm:49
TonC                            = $0004 ; const, local, , Z_main, PTZX_Player, Z_PTZX.asm:50
Noise                           = $0006 ; const, local, , Z_main, PTZX_Player, Z_PTZX.asm:51
Mixer                           = $0007 ; const, local, , Z_main, PTZX_Player, Z_PTZX.asm:52
AmplA                           = $0008 ; const, local, , Z_main, PTZX_Player, Z_PTZX.asm:53
AmplB                           = $0009 ; const, local, , Z_main, PTZX_Player, Z_PTZX.asm:54
AmplC                           = $000A ; const, local, , Z_main, PTZX_Player, Z_PTZX.asm:55
Env                             = $000B ; const, local, , Z_main, PTZX_Player, Z_PTZX.asm:56
EnvTp                           = $000D ; const, local, , Z_main, PTZX_Player, Z_PTZX.asm:57
MDLADDR                         = $C8A3 ; addr, local, , Z_main, PTZX_Player, Z_PTZX.asm:1352
INIT                            = $C03D ; addr, local, , Z_main, PTZX_Player, Z_PTZX.asm:99
PLAY                            = $C4C8 ; addr, local, , Z_main, PTZX_Player, Z_PTZX.asm:936
MUTE                            = $C031 ; addr, local, , Z_main, PTZX_Player, Z_PTZX.asm:91
CHECKLP                         = $C020 ; addr, local, , Z_main, PTZX_Player, Z_PTZX.asm:81
SETUP                           = $C668 ; addr, local, , Z_main, PTZX_Player, Z_PTZX.asm:1232
DelyCnt                         = $C6DD ; addr, local, , Z_main, PTZX_Player, Z_PTZX.asm:1318
ChanA                           = $C686 ; addr, local, , Z_main, PTZX_Player, Z_PTZX.asm:1310
CHP_NtSkCn                      = $001B ; const, local, , Z_main, PTZX_Player, Z_PTZX.asm:1304
AYREGS                          = $C6E3 ; addr, local, , Z_main, PTZX_Player, Z_PTZX.asm:1325
ROUT_A0                         = $C5C2 ; addr, local, , Z_main, PTZX_Player, Z_PTZX.asm:1082
MODADDR                         = $C673 ; addr, local, , Z_main, PTZX_Player, Z_PTZX.asm:1247
Delay                           = $C677 ; addr, local, , Z_main, PTZX_Player, Z_PTZX.asm:1251
CrPsPtr                         = $C669 ; addr, local, , Z_main, PTZX_Player, Z_PTZX.asm:1235
LPosPtr                         = $C680 ; addr, local, , Z_main, PTZX_Player, Z_PTZX.asm:1263
PatsPtr                         = $C67E ; addr, local, , Z_main, PTZX_Player, Z_PTZX.asm:1261
OrnPtrs                         = $C67C ; addr, local, , Z_main, PTZX_Player, Z_PTZX.asm:1259
SamPtrs                         = $C67A ; addr, local, , Z_main, PTZX_Player, Z_PTZX.asm:1257
T_PACK                          = $C633 ; addr, local, , Z_main, PTZX_Player, Z_PTZX.asm:1153
T1_                             = $C6F3 ; addr, local, , Z_main, PTZX_Player, Z_PTZX.asm:1331
TP_0                            = $C07C ; addr, local, , Z_main, PTZX_Player, Z_PTZX.asm:133
TP_1                            = $C088 ; addr, local, , Z_main, PTZX_Player, Z_PTZX.asm:143
TP_2                            = $C08F ; addr, local, , Z_main, PTZX_Player, Z_PTZX.asm:150
ERROR1                          = $C095 ; addr, local, , Z_main, PTZX_Player, Z_PTZX.asm:159
VAR0START                       = $C686 ; addr, local, , Z_main, PTZX_Player, Z_PTZX.asm:1275
VAR0END                         = $C6F3 ; addr, local, , Z_main, PTZX_Player, Z_PTZX.asm:1348
ChanB                           = $C6A3 ; addr, local, , Z_main, PTZX_Player, Z_PTZX.asm:1312
ChanC                           = $C6C0 ; addr, local, , Z_main, PTZX_Player, Z_PTZX.asm:1314
EMPTYSAMORN                     = $C62F ; addr, local, , Z_main, PTZX_Player, Z_PTZX.asm:1148
AdInPtA                         = $C66C ; addr, local, , Z_main, PTZX_Player, Z_PTZX.asm:1239
CHP_OrnPtr                      = $000D ; const, local, , Z_main, PTZX_Player, Z_PTZX.asm:1293
CHP_SamPtr                      = $000F ; const, local, , Z_main, PTZX_Player, Z_PTZX.asm:1294
L20                             = $C0D8 ; addr, local, , Z_main, PTZX_Player, Z_PTZX.asm:195
L21                             = $C0DA ; addr, local, , Z_main, PTZX_Player, Z_PTZX.asm:197
Version                         = $C685 ; addr, local, , Z_main, PTZX_Player, Z_PTZX.asm:1271
WTF1                            = $C0E0 ; addr, local, , Z_main, PTZX_Player, Z_PTZX.asm:201
NT_DATA                         = $C5DF ; addr, local, , Z_main, PTZX_Player, Z_PTZX.asm:1102
L3                              = $C682 ; addr, local, , Z_main, PTZX_Player, Z_PTZX.asm:1265
ERROR2                          = $C101 ; addr, local, , Z_main, PTZX_Player, Z_PTZX.asm:231
T_                              = $C5EF ; addr, local, , Z_main, PTZX_Player, Z_PTZX.asm:1120
NT_                             = $C7E3 ; addr, local, , Z_main, PTZX_Player, Z_PTZX.asm:1342
L1                              = $C10F ; addr, local, , Z_main, PTZX_Player, Z_PTZX.asm:246
L2                              = $C11C ; addr, local, , Z_main, PTZX_Player, Z_PTZX.asm:258
ERROR3                          = $C13A ; addr, local, , Z_main, PTZX_Player, Z_PTZX.asm:288
CORR_1                          = $C143 ; addr, local, , Z_main, PTZX_Player, Z_PTZX.asm:297
TC_EXIT                         = $C158 ; addr, local, , Z_main, PTZX_Player, Z_PTZX.asm:317
CORR_2                          = $C151 ; addr, local, , Z_main, PTZX_Player, Z_PTZX.asm:310
M1                              = $C167 ; addr, local, , Z_main, PTZX_Player, Z_PTZX.asm:334
M2                              = $C682 ; addr, local, , Z_main, PTZX_Player, Z_PTZX.asm:1266
VT_                             = $C6E3 ; addr, local, , Z_main, PTZX_Player, Z_PTZX.asm:1327
INITV2                          = $C170 ; addr, local, , Z_main, PTZX_Player, Z_PTZX.asm:340
INITV1                          = $C175 ; addr, local, , Z_main, PTZX_Player, Z_PTZX.asm:347
M3                              = $C18F ; addr, local, , Z_main, PTZX_Player, Z_PTZX.asm:366
PD_OrSm                         = $C196 ; addr, local, , Z_main, PTZX_Player, Z_PTZX.asm:374
CHP_Env_En                      = $0014 ; const, local, , Z_main, PTZX_Player, Z_PTZX.asm:1298
SETORN                          = $C33D ; addr, local, , Z_main, PTZX_Player, Z_PTZX.asm:683
PD_SAM                          = $C1A0 ; addr, local, , Z_main, PTZX_Player, Z_PTZX.asm:381
PD_SAM_                         = $C1A1 ; addr, local, , Z_main, PTZX_Player, Z_PTZX.asm:384
PD_LOOP                         = $C1F8 ; addr, local, , Z_main, PTZX_Player, Z_PTZX.asm:448
PD_VOL                          = $C1B7 ; addr, local, , Z_main, PTZX_Player, Z_PTZX.asm:402
CHP_Volume                      = $001C ; const, local, , Z_main, PTZX_Player, Z_PTZX.asm:1305
PD_LP2                          = $C1FB ; addr, local, , Z_main, PTZX_Player, Z_PTZX.asm:450
PD_EOff                         = $C1C0 ; addr, local, , Z_main, PTZX_Player, Z_PTZX.asm:410
CHP_PsInOr                      = $0000 ; const, local, , Z_main, PTZX_Player, Z_PTZX.asm:1278
PD_SorE                         = $C1C8 ; addr, local, , Z_main, PTZX_Player, Z_PTZX.asm:415
PD_ENV                          = $C1D2 ; addr, local, , Z_main, PTZX_Player, Z_PTZX.asm:423
CHP_NNtSkp                      = $0011 ; const, local, , Z_main, PTZX_Player, Z_PTZX.asm:1295
SETENV                          = $C321 ; addr, local, , Z_main, PTZX_Player, Z_PTZX.asm:663
PD_ORN                          = $C1D7 ; addr, local, , Z_main, PTZX_Player, Z_PTZX.asm:427
PD_ESAM                         = $C1DC ; addr, local, , Z_main, PTZX_Player, Z_PTZX.asm:431
PTDECOD                         = $C1E9 ; addr, local, , Z_main, PTZX_Player, Z_PTZX.asm:439
CHP_Note                        = $0012 ; const, local, , Z_main, PTZX_Player, Z_PTZX.asm:1296
PrNote                          = $C684 ; addr, local, , Z_main, PTZX_Player, Z_PTZX.asm:1269
CHP_CrTnSl                      = $0006 ; const, local, , Z_main, PTZX_Player, Z_PTZX.asm:1284
PrSlide                         = $C682 ; addr, local, , Z_main, PTZX_Player, Z_PTZX.asm:1267
PD_FIN                          = $C253 ; addr, local, , Z_main, PTZX_Player, Z_PTZX.asm:521
PD_REL                          = $C233 ; addr, local, , Z_main, PTZX_Player, Z_PTZX.asm:497
PD_NOTE                         = $C239 ; addr, local, , Z_main, PTZX_Player, Z_PTZX.asm:501
PD_NOIS                         = $C22E ; addr, local, , Z_main, PTZX_Player, Z_PTZX.asm:493
SPCCOMS                         = $C356 ; addr, local, , Z_main, PTZX_Player, Z_PTZX.asm:704
Ns_Base                         = $C6E1 ; addr, local, , Z_main, PTZX_Player, Z_PTZX.asm:1322
CHP_Flags                       = $0015 ; const, local, , Z_main, PTZX_Player, Z_PTZX.asm:1299
PD_RES                          = $C241 ; addr, local, , Z_main, PTZX_Player, Z_PTZX.asm:506
PDSP_                           = $C678 ; addr, local, , Z_main, PTZX_Player, Z_PTZX.asm:1253
C_PORTM                         = $C25A ; addr, local, , Z_main, PTZX_Player, Z_PTZX.asm:526
CHP_TnSlDl                      = $0016 ; const, local, , Z_main, PTZX_Player, Z_PTZX.asm:1301
CHP_TSlCnt                      = $0005 ; const, local, , Z_main, PTZX_Player, Z_PTZX.asm:1283
CHP_SlToNt                      = $0013 ; const, local, , Z_main, PTZX_Player, Z_PTZX.asm:1297
CHP_TnDelt                      = $0019 ; const, local, , Z_main, PTZX_Player, Z_PTZX.asm:1303
OLDPRTM                         = $C2A9 ; addr, local, , Z_main, PTZX_Player, Z_PTZX.asm:573
NOSIG                           = $C2B2 ; addr, local, , Z_main, PTZX_Player, Z_PTZX.asm:582
SET_STP                         = $C2BC ; addr, local, , Z_main, PTZX_Player, Z_PTZX.asm:589
CHP_TSlStp                      = $0017 ; const, local, , Z_main, PTZX_Player, Z_PTZX.asm:1302
CHP_COnOff                      = $000A ; const, local, , Z_main, PTZX_Player, Z_PTZX.asm:1286
C_GLISS                         = $C2C8 ; addr, local, , Z_main, PTZX_Player, Z_PTZX.asm:596
GL36                            = $C2DB ; addr, local, , Z_main, PTZX_Player, Z_PTZX.asm:608
C_SMPOS                         = $C2E5 ; addr, local, , Z_main, PTZX_Player, Z_PTZX.asm:617
CHP_PsInSm                      = $0001 ; const, local, , Z_main, PTZX_Player, Z_PTZX.asm:1279
C_ORPOS                         = $C2EB ; addr, local, , Z_main, PTZX_Player, Z_PTZX.asm:623
C_VIBRT                         = $C2F1 ; addr, local, , Z_main, PTZX_Player, Z_PTZX.asm:629
CHP_OnOffD                      = $000B ; const, local, , Z_main, PTZX_Player, Z_PTZX.asm:1289
CHP_OffOnD                      = $000C ; const, local, , Z_main, PTZX_Player, Z_PTZX.asm:1292
C_ENGLS                         = $C309 ; addr, local, , Z_main, PTZX_Player, Z_PTZX.asm:643
Env_Del                         = $C672 ; addr, local, , Z_main, PTZX_Player, Z_PTZX.asm:1245
CurEDel                         = $C6E0 ; addr, local, , Z_main, PTZX_Player, Z_PTZX.asm:1320
ESldAdd                         = $C675 ; addr, local, , Z_main, PTZX_Player, Z_PTZX.asm:1249
C_DELAY                         = $C31B ; addr, local, , Z_main, PTZX_Player, Z_PTZX.asm:657
EnvBase                         = $C6F1 ; addr, local, , Z_main, PTZX_Player, Z_PTZX.asm:1329
CurESld                         = $C6DE ; addr, local, , Z_main, PTZX_Player, Z_PTZX.asm:1319
C_NOP                           = $C33C ; addr, local, , Z_main, PTZX_Player, Z_PTZX.asm:680
CHREGS                          = $C376 ; addr, local, , Z_main, PTZX_Player, Z_PTZX.asm:722
Ampl                            = $C6ED ; addr, local, , Z_main, PTZX_Player, Z_PTZX.asm:1346
CH_EXIT                         = $C4A5 ; addr, local, , Z_main, PTZX_Player, Z_PTZX.asm:914
CSP_                            = $C678 ; addr, local, , Z_main, PTZX_Player, Z_PTZX.asm:1254
CH_ORPS                         = $C399 ; addr, local, , Z_main, PTZX_Player, Z_PTZX.asm:743
CH_NTP                          = $C3A4 ; addr, local, , Z_main, PTZX_Player, Z_PTZX.asm:750
CH_NOK                          = $C3AA ; addr, local, , Z_main, PTZX_Player, Z_PTZX.asm:755
CH_SMPS                         = $C3C5 ; addr, local, , Z_main, PTZX_Player, Z_PTZX.asm:775
CHP_TnAcc                       = $0008 ; const, local, , Z_main, PTZX_Player, Z_PTZX.asm:1285
CH_NOAC                         = $C3DB ; addr, local, , Z_main, PTZX_Player, Z_PTZX.asm:787
CH_AMP                          = $C437 ; addr, local, , Z_main, PTZX_Player, Z_PTZX.asm:834
CH_STPP                         = $C422 ; addr, local, , Z_main, PTZX_Player, Z_PTZX.asm:824
CHP_CrAmSl                      = $0002 ; const, local, , Z_main, PTZX_Player, Z_PTZX.asm:1280
CH_NOAM                         = $C451 ; addr, local, , Z_main, PTZX_Player, Z_PTZX.asm:853
CH_AMIN                         = $C449 ; addr, local, , Z_main, PTZX_Player, Z_PTZX.asm:845
CH_SVAM                         = $C44E ; addr, local, , Z_main, PTZX_Player, Z_PTZX.asm:850
CH_APOS                         = $C45A ; addr, local, , Z_main, PTZX_Player, Z_PTZX.asm:861
CH_VOL                          = $C460 ; addr, local, , Z_main, PTZX_Player, Z_PTZX.asm:866
CH_ENV                          = $C46B ; addr, local, , Z_main, PTZX_Player, Z_PTZX.asm:874
CH_NOEN                         = $C472 ; addr, local, , Z_main, PTZX_Player, Z_PTZX.asm:879
NO_ENSL                         = $C493 ; addr, local, , Z_main, PTZX_Player, Z_PTZX.asm:901
CHP_CrEnSl                      = $0004 ; const, local, , Z_main, PTZX_Player, Z_PTZX.asm:1282
NO_ENAC                         = $C48C ; addr, local, , Z_main, PTZX_Player, Z_PTZX.asm:894
AddToEn                         = $C66B ; addr, local, , Z_main, PTZX_Player, Z_PTZX.asm:1237
CH_MIX                          = $C4A1 ; addr, local, , Z_main, PTZX_Player, Z_PTZX.asm:909
CHP_CrNsSl                      = $0003 ; const, local, , Z_main, PTZX_Player, Z_PTZX.asm:1281
AddToNs                         = $C6E2 ; addr, local, , Z_main, PTZX_Player, Z_PTZX.asm:1323
CH_ONDL                         = $C4C4 ; addr, local, , Z_main, PTZX_Player, Z_PTZX.asm:932
PL2                             = $C55E ; addr, local, , Z_main, PTZX_Player, Z_PTZX.asm:1026
PL1B                            = $C52E ; addr, local, , Z_main, PTZX_Player, Z_PTZX.asm:998
PL1A                            = $C523 ; addr, local, , Z_main, PTZX_Player, Z_PTZX.asm:993
PLNLP                           = $C4FC ; addr, local, , Z_main, PTZX_Player, Z_PTZX.asm:967
PSP_                            = $C678 ; addr, local, , Z_main, PTZX_Player, Z_PTZX.asm:1255
AdInPtB                         = $C66E ; addr, local, , Z_main, PTZX_Player, Z_PTZX.asm:1241
AdInPtC                         = $C670 ; addr, local, , Z_main, PTZX_Player, Z_PTZX.asm:1243
PL1C                            = $C543 ; addr, local, , Z_main, PTZX_Player, Z_PTZX.asm:1009
PL1D                            = $C558 ; addr, local, , Z_main, PTZX_Player, Z_PTZX.asm:1021
Ns_Base_AddToNs                 = $C6E1 ; addr, local, , Z_main, PTZX_Player, Z_PTZX.asm:1321
ROUT                            = $C5C1 ; addr, local, , Z_main, PTZX_Player, Z_PTZX.asm:1080
LOUT                            = $C5CB ; addr, local, , Z_main, PTZX_Player, Z_PTZX.asm:1086
T_NEW_0                         = $C725 ; addr, local, , Z_main, PTZX_Player, Z_PTZX.asm:1337
TCNEW_0                         = $C619 ; addr, local, , Z_main, PTZX_Player, Z_PTZX.asm:1136
T_OLD_0                         = $C725 ; addr, local, , Z_main, PTZX_Player, Z_PTZX.asm:1336
TCOLD_0                         = $C5EF ; addr, local, , Z_main, PTZX_Player, Z_PTZX.asm:1122
T_NEW_1                         = $C6F3 ; addr, local, , Z_main, PTZX_Player, Z_PTZX.asm:1338
TCNEW_1                         = $C5FB ; addr, local, , Z_main, PTZX_Player, Z_PTZX.asm:1140
T_OLD_1                         = $C6F3 ; addr, local, , Z_main, PTZX_Player, Z_PTZX.asm:1333
TCOLD_1                         = $C5FB ; addr, local, , Z_main, PTZX_Player, Z_PTZX.asm:1126
T_NEW_2                         = $C73D ; addr, local, , Z_main, PTZX_Player, Z_PTZX.asm:1339
TCNEW_2                         = $C624 ; addr, local, , Z_main, PTZX_Player, Z_PTZX.asm:1142
T_OLD_2                         = $C70B ; addr, local, , Z_main, PTZX_Player, Z_PTZX.asm:1334
TCOLD_2                         = $C5FD ; addr, local, , Z_main, PTZX_Player, Z_PTZX.asm:1129
T_NEW_3                         = $C723 ; addr, local, , Z_main, PTZX_Player, Z_PTZX.asm:1340
TCNEW_3                         = $C60F ; addr, local, , Z_main, PTZX_Player, Z_PTZX.asm:1132
T_OLD_3                         = $C723 ; addr, local, , Z_main, PTZX_Player, Z_PTZX.asm:1335
TCOLD_3                         = $C610 ; addr, local, , Z_main, PTZX_Player, Z_PTZX.asm:1134
ERROR8                          = $C65B ; addr, local, , Z_main, PTZX_Player, Z_PTZX.asm:1208
check8                          = $C65D ; addr, local, , Z_main, PTZX_Player, Z_PTZX.asm:1212
VARS                            = $C668 ; addr, local, , Z_main, PTZX_Player, Z_PTZX.asm:1228
CHP                             = $001D ; const, local, , Z_main, PTZX_Player, Z_PTZX.asm:1307
VARSEND                         = $C8A3 ; addr, local, , Z_main, PTZX_Player, Z_PTZX.asm:1350
dzx0s_literals                  = $C8AA ; addr, local, , Z_main, PTZX_Player, Z_PTZX.asm:1371
dzx0s_elias                     = $C8D8 ; addr, local, , Z_main, PTZX_Player, Z_PTZX.asm:1402
dzx0s_new_offset                = $C8BF ; addr, local, , Z_main, PTZX_Player, Z_PTZX.asm:1386
dzx0s_copy                      = $C8B5 ; addr, local, , Z_main, PTZX_Player, Z_PTZX.asm:1377
dzx0s_elias_loop                = $C8D9 ; addr, local, , Z_main, PTZX_Player, Z_PTZX.asm:1404
dzx0s_elias_backtrack           = $C8E0 ; addr, local, , Z_main, PTZX_Player, Z_PTZX.asm:1412
dzx0s_elias_skip                = $C8DF ; addr, local, , Z_main, PTZX_Player, Z_PTZX.asm:1410
__head                          = $0000 ; const, public, def, , ,
__tail                          = $F89A ; const, public, def, , ,
__size                          = $F89A ; const, public, def, , ,
__MAIN_head                     = $8000 ; const, public, def, , ,
__MAIN_tail                     = $8029 ; const, public, def, , ,
__MAIN_size                     = $0029 ; const, public, def, , ,
__PTZX_Player_head              = $C000 ; const, public, def, , ,
__PTZX_Player_tail              = $F89A ; const, public, def, , ,
__PTZX_Player_size              = $389A ; const, public, def, , ,
